<?xml version="1.0" encoding="utf-8"?><testsuite name="GitHub web UI tests" tests="3" failures="1" time="14.71"><testcase classname="" name="web/Find the React repo on GitHub's website" time="12.06"><failure type="N/A">==================== TEST ACTION FAILED ====================
ACTION: 2 of 2 | org.getopentest.selenium.SendKeys
DESCRIPTION: Enter "react" in the search box
SCREENSHOT: SID1673325229_ACTOR1_T01_SG01_ST02_error.png
STACK TRACE:
java.lang.RuntimeException: java.lang.RuntimeException: Failed sending keys to element By.cssSelector: input[name='q']
	at org.getopentest.base.TestActor.executeActionByClassName(TestActor.java:1670)
	at org.getopentest.base.TestActor.executeActionByDef(TestActor.java:1749)
	at org.getopentest.base.TestActor.executeTestSegment(TestActor.java:2092)
	at org.getopentest.base.TestActor.runOneSession(TestActor.java:3077)
	at org.getopentest.base.TestActor.runOneSession(TestActor.java:3113)
	at org.getopentest.Main.main(Main.java:20)
Caused by: java.lang.RuntimeException: Failed sending keys to element By.cssSelector: input[name='q']
	at org.getopentest.selenium.SendKeys.run(SendKeys.java:45)
	at org.getopentest.base.TestActor.executeAction(TestActor.java:1571)
	at org.getopentest.base.TestActor.executeActionByClassName(TestActor.java:1647)
	... 5 more
Caused by: org.openqa.selenium.TimeoutException: Expected condition failed: waiting for element to be clickable: [[SafariDriver: Safari on MAC (81FB95CA-ACC4-4D1A-AA78-F3BEB1E861BD)] -&gt; css selector: input[name='q']] (tried for 10 second(s) with 500 milliseconds interval)
Build info: version: '3.141.59', revision: 'e82be7d358', time: '2018-11-14T08:17:03'
System info: host: '192.168.1.9', ip: 'fe80:0:0:0:8e5:316d:cd15:a60f%en0', os.name: 'Mac OS X', os.arch: 'x86_64', os.version: '10.16', java.version: '14.0.2'
Driver info: org.openqa.selenium.safari.SafariDriver
Capabilities {acceptInsecureCerts: false, browserName: Safari, browserVersion: 15.5, goog:chromeOptions: {args: [--start-maximized]}, javascriptEnabled: true, platform: MAC, platformName: MAC, safari:automaticInspection: false, safari:automaticProfiling: false, safari:diagnose: false, safari:platformBuildVersion: 21F79, safari:platformVersion: 12.4, safari:useSimulator: false, setWindowRect: true, strictFileInteractability: false, webkit:WebRTC: {DisableICECandidateFiltering: false, DisableInsecureMediaCapture: false}}
Session ID: 81FB95CA-ACC4-4D1A-AA78-F3BEB1E861BD
	at org.openqa.selenium.support.ui.WebDriverWait.timeoutException(WebDriverWait.java:95)
	at org.openqa.selenium.support.ui.FluentWait.until(FluentWait.java:272)
	at org.getopentest.selenium.SendKeys.run(SendKeys.java:27)
	... 7 more
</failure></testcase><testcase classname="" name="web/Verify GitHub repos have non-empty wiki [1]" time="0.72"/><testcase classname="" name="web/Verify GitHub repos have non-empty wiki [2]" time="0.72"/></testsuite>